--------------------------------------------------------------------------------
Release 13.3 Trace  (nt)
Copyright (c) 1995-2011 Xilinx, Inc.  All rights reserved.

C:\Xilinx\13.3\ISE_DS\ISE\bin\nt\unwrapped\trce.exe -intstyle ise -v 3 -s 1 -n
3 -fastpaths -xml my_converter.twx my_converter.ncd -o my_converter.twr
my_converter.pcf

Design file:              my_converter.ncd
Physical constraint file: my_converter.pcf
Device,package,speed:     xc6vlx240t,ff1156,C,-1 (PRODUCTION 1.15 2011-10-03, STEPPING level 0)
Report level:             verbose report

Environment Variable      Effect 
--------------------      ------ 
NONE                      No environment variables were set
--------------------------------------------------------------------------------

INFO:Timing:2698 - No timing constraints found, doing default enumeration.
INFO:Timing:2752 - To get complete path coverage, use the unconstrained paths 
   option. All paths that are not constrained will be reported in the 
   unconstrained paths section(s) of the report.
INFO:Timing:3339 - The clock-to-out numbers in this timing report are based on 
   a 50 Ohm transmission line loading model.  For the details of this model, 
   and for more information on accounting for different loading conditions, 
   please see the device datasheet.



Data Sheet report:
-----------------
All values displayed in nanoseconds (ns)

Pad to Pad
---------------+---------------+---------+
Source Pad     |Destination Pad|  Delay  |
---------------+---------------+---------+
floating<0>    |fixed<0>       |    9.774|
floating<0>    |fixed<1>       |   10.264|
floating<0>    |fixed<2>       |   10.062|
floating<0>    |fixed<3>       |    9.589|
floating<0>    |fixed<4>       |   10.005|
floating<0>    |fixed<5>       |    9.880|
floating<0>    |fixed<6>       |   10.190|
floating<0>    |fixed<7>       |   10.110|
floating<0>    |fixed<8>       |    9.841|
floating<0>    |fixed<9>       |   10.388|
floating<0>    |fixed<10>      |   10.673|
floating<0>    |fixed<11>      |   10.587|
floating<0>    |fixed<12>      |   10.572|
floating<0>    |fixed<13>      |   10.594|
floating<0>    |fixed<14>      |   10.661|
floating<0>    |fixed<15>      |   10.722|
floating<0>    |fixed<16>      |   10.768|
floating<0>    |fixed<17>      |   10.802|
floating<0>    |fixed<18>      |   10.880|
floating<0>    |fixed<19>      |   10.621|
floating<0>    |fixed<20>      |   11.464|
floating<0>    |fixed<21>      |   10.912|
floating<0>    |fixed<22>      |   11.072|
floating<0>    |fixed<23>      |   11.195|
floating<0>    |fixed<24>      |   11.297|
floating<0>    |fixed<25>      |   11.276|
floating<0>    |fixed<26>      |   11.310|
floating<0>    |fixed<27>      |   11.263|
floating<0>    |fixed<28>      |   11.942|
floating<0>    |fixed<29>      |   11.507|
floating<0>    |fixed<30>      |   11.842|
floating<0>    |fixed<31>      |   12.125|
floating<1>    |fixed<0>       |   10.363|
floating<1>    |fixed<1>       |   10.853|
floating<1>    |fixed<2>       |   10.651|
floating<1>    |fixed<3>       |   10.178|
floating<1>    |fixed<4>       |   10.594|
floating<1>    |fixed<5>       |   10.469|
floating<1>    |fixed<6>       |   10.779|
floating<1>    |fixed<7>       |   10.699|
floating<1>    |fixed<8>       |   10.430|
floating<1>    |fixed<9>       |   10.977|
floating<1>    |fixed<10>      |   11.262|
floating<1>    |fixed<11>      |   11.176|
floating<1>    |fixed<12>      |   11.161|
floating<1>    |fixed<13>      |   11.183|
floating<1>    |fixed<14>      |   11.250|
floating<1>    |fixed<15>      |   11.311|
floating<1>    |fixed<16>      |   11.357|
floating<1>    |fixed<17>      |   11.391|
floating<1>    |fixed<18>      |   11.469|
floating<1>    |fixed<19>      |   11.210|
floating<1>    |fixed<20>      |   12.053|
floating<1>    |fixed<21>      |   11.501|
floating<1>    |fixed<22>      |   11.661|
floating<1>    |fixed<23>      |   11.784|
floating<1>    |fixed<24>      |   11.886|
floating<1>    |fixed<25>      |   11.865|
floating<1>    |fixed<26>      |   11.899|
floating<1>    |fixed<27>      |   11.852|
floating<1>    |fixed<28>      |   12.531|
floating<1>    |fixed<29>      |   12.096|
floating<1>    |fixed<30>      |   12.431|
floating<1>    |fixed<31>      |   12.714|
floating<2>    |fixed<0>       |    9.975|
floating<2>    |fixed<1>       |   10.465|
floating<2>    |fixed<2>       |   10.263|
floating<2>    |fixed<3>       |    9.790|
floating<2>    |fixed<4>       |   10.206|
floating<2>    |fixed<5>       |   10.081|
floating<2>    |fixed<6>       |   10.391|
floating<2>    |fixed<7>       |   10.311|
floating<2>    |fixed<8>       |   10.042|
floating<2>    |fixed<9>       |   10.589|
floating<2>    |fixed<10>      |   10.874|
floating<2>    |fixed<11>      |   10.788|
floating<2>    |fixed<12>      |   10.773|
floating<2>    |fixed<13>      |   10.795|
floating<2>    |fixed<14>      |   10.862|
floating<2>    |fixed<15>      |   10.923|
floating<2>    |fixed<16>      |   10.969|
floating<2>    |fixed<17>      |   11.003|
floating<2>    |fixed<18>      |   11.081|
floating<2>    |fixed<19>      |   10.822|
floating<2>    |fixed<20>      |   11.665|
floating<2>    |fixed<21>      |   11.113|
floating<2>    |fixed<22>      |   11.273|
floating<2>    |fixed<23>      |   11.396|
floating<2>    |fixed<24>      |   11.498|
floating<2>    |fixed<25>      |   11.477|
floating<2>    |fixed<26>      |   11.511|
floating<2>    |fixed<27>      |   11.464|
floating<2>    |fixed<28>      |   12.143|
floating<2>    |fixed<29>      |   11.708|
floating<2>    |fixed<30>      |   12.043|
floating<2>    |fixed<31>      |   12.326|
floating<3>    |fixed<0>       |    9.993|
floating<3>    |fixed<1>       |   10.483|
floating<3>    |fixed<2>       |   10.281|
floating<3>    |fixed<3>       |    9.808|
floating<3>    |fixed<4>       |   10.224|
floating<3>    |fixed<5>       |   10.099|
floating<3>    |fixed<6>       |   10.409|
floating<3>    |fixed<7>       |   10.329|
floating<3>    |fixed<8>       |   10.060|
floating<3>    |fixed<9>       |   10.607|
floating<3>    |fixed<10>      |   10.892|
floating<3>    |fixed<11>      |   10.806|
floating<3>    |fixed<12>      |   10.791|
floating<3>    |fixed<13>      |   10.813|
floating<3>    |fixed<14>      |   10.880|
floating<3>    |fixed<15>      |   10.941|
floating<3>    |fixed<16>      |   10.987|
floating<3>    |fixed<17>      |   11.021|
floating<3>    |fixed<18>      |   11.099|
floating<3>    |fixed<19>      |   10.840|
floating<3>    |fixed<20>      |   11.683|
floating<3>    |fixed<21>      |   11.131|
floating<3>    |fixed<22>      |   11.291|
floating<3>    |fixed<23>      |   11.414|
floating<3>    |fixed<24>      |   11.516|
floating<3>    |fixed<25>      |   11.495|
floating<3>    |fixed<26>      |   11.529|
floating<3>    |fixed<27>      |   11.482|
floating<3>    |fixed<28>      |   12.161|
floating<3>    |fixed<29>      |   11.726|
floating<3>    |fixed<30>      |   12.061|
floating<3>    |fixed<31>      |   12.344|
floating<4>    |fixed<0>       |    9.254|
floating<4>    |fixed<1>       |    9.744|
floating<4>    |fixed<2>       |    9.542|
floating<4>    |fixed<3>       |    9.069|
floating<4>    |fixed<4>       |    9.485|
floating<4>    |fixed<5>       |    9.360|
floating<4>    |fixed<6>       |    9.670|
floating<4>    |fixed<7>       |    9.590|
floating<4>    |fixed<8>       |    9.321|
floating<4>    |fixed<9>       |    9.868|
floating<4>    |fixed<10>      |   10.153|
floating<4>    |fixed<11>      |   10.067|
floating<4>    |fixed<12>      |   10.052|
floating<4>    |fixed<13>      |   10.074|
floating<4>    |fixed<14>      |   10.141|
floating<4>    |fixed<15>      |   10.202|
floating<4>    |fixed<16>      |   10.248|
floating<4>    |fixed<17>      |   10.282|
floating<4>    |fixed<18>      |   10.360|
floating<4>    |fixed<19>      |   10.101|
floating<4>    |fixed<20>      |   10.944|
floating<4>    |fixed<21>      |   10.392|
floating<4>    |fixed<22>      |   10.552|
floating<4>    |fixed<23>      |   10.675|
floating<4>    |fixed<24>      |   10.777|
floating<4>    |fixed<25>      |   10.756|
floating<4>    |fixed<26>      |   10.790|
floating<4>    |fixed<27>      |   10.743|
floating<4>    |fixed<28>      |   11.422|
floating<4>    |fixed<29>      |   10.987|
floating<4>    |fixed<30>      |   11.322|
floating<4>    |fixed<31>      |   11.605|
floating<5>    |fixed<0>       |    9.903|
floating<5>    |fixed<1>       |   10.393|
floating<5>    |fixed<2>       |   10.191|
floating<5>    |fixed<3>       |    9.718|
floating<5>    |fixed<4>       |   10.134|
floating<5>    |fixed<5>       |   10.009|
floating<5>    |fixed<6>       |   10.319|
floating<5>    |fixed<7>       |   10.239|
floating<5>    |fixed<8>       |    9.970|
floating<5>    |fixed<9>       |   10.517|
floating<5>    |fixed<10>      |   10.802|
floating<5>    |fixed<11>      |   10.716|
floating<5>    |fixed<12>      |   10.701|
floating<5>    |fixed<13>      |   10.723|
floating<5>    |fixed<14>      |   10.790|
floating<5>    |fixed<15>      |   10.851|
floating<5>    |fixed<16>      |   10.897|
floating<5>    |fixed<17>      |   10.931|
floating<5>    |fixed<18>      |   11.009|
floating<5>    |fixed<19>      |   10.750|
floating<5>    |fixed<20>      |   11.593|
floating<5>    |fixed<21>      |   11.041|
floating<5>    |fixed<22>      |   11.201|
floating<5>    |fixed<23>      |   11.324|
floating<5>    |fixed<24>      |   11.426|
floating<5>    |fixed<25>      |   11.405|
floating<5>    |fixed<26>      |   11.439|
floating<5>    |fixed<27>      |   11.392|
floating<5>    |fixed<28>      |   12.071|
floating<5>    |fixed<29>      |   11.636|
floating<5>    |fixed<30>      |   11.971|
floating<5>    |fixed<31>      |   12.254|
floating<6>    |fixed<0>       |    9.687|
floating<6>    |fixed<1>       |   10.177|
floating<6>    |fixed<2>       |    9.975|
floating<6>    |fixed<3>       |    9.502|
floating<6>    |fixed<4>       |    9.918|
floating<6>    |fixed<5>       |    9.793|
floating<6>    |fixed<6>       |   10.103|
floating<6>    |fixed<7>       |   10.023|
floating<6>    |fixed<8>       |    9.754|
floating<6>    |fixed<9>       |   10.301|
floating<6>    |fixed<10>      |   10.586|
floating<6>    |fixed<11>      |   10.500|
floating<6>    |fixed<12>      |   10.485|
floating<6>    |fixed<13>      |   10.507|
floating<6>    |fixed<14>      |   10.574|
floating<6>    |fixed<15>      |   10.635|
floating<6>    |fixed<16>      |   10.681|
floating<6>    |fixed<17>      |   10.715|
floating<6>    |fixed<18>      |   10.793|
floating<6>    |fixed<19>      |   10.534|
floating<6>    |fixed<20>      |   11.377|
floating<6>    |fixed<21>      |   10.825|
floating<6>    |fixed<22>      |   10.985|
floating<6>    |fixed<23>      |   11.108|
floating<6>    |fixed<24>      |   11.210|
floating<6>    |fixed<25>      |   11.189|
floating<6>    |fixed<26>      |   11.223|
floating<6>    |fixed<27>      |   11.176|
floating<6>    |fixed<28>      |   11.855|
floating<6>    |fixed<29>      |   11.420|
floating<6>    |fixed<30>      |   11.755|
floating<6>    |fixed<31>      |   12.038|
floating<7>    |fixed<0>       |    9.523|
floating<7>    |fixed<1>       |   10.013|
floating<7>    |fixed<2>       |    9.811|
floating<7>    |fixed<3>       |    9.338|
floating<7>    |fixed<4>       |    9.754|
floating<7>    |fixed<5>       |    9.629|
floating<7>    |fixed<6>       |    9.939|
floating<7>    |fixed<7>       |    9.859|
floating<7>    |fixed<8>       |    9.590|
floating<7>    |fixed<9>       |   10.137|
floating<7>    |fixed<10>      |   10.422|
floating<7>    |fixed<11>      |   10.336|
floating<7>    |fixed<12>      |   10.321|
floating<7>    |fixed<13>      |   10.343|
floating<7>    |fixed<14>      |   10.410|
floating<7>    |fixed<15>      |   10.471|
floating<7>    |fixed<16>      |   10.517|
floating<7>    |fixed<17>      |   10.551|
floating<7>    |fixed<18>      |   10.629|
floating<7>    |fixed<19>      |   10.370|
floating<7>    |fixed<20>      |   11.213|
floating<7>    |fixed<21>      |   10.661|
floating<7>    |fixed<22>      |   10.821|
floating<7>    |fixed<23>      |   10.944|
floating<7>    |fixed<24>      |   11.046|
floating<7>    |fixed<25>      |   11.025|
floating<7>    |fixed<26>      |   11.059|
floating<7>    |fixed<27>      |   11.012|
floating<7>    |fixed<28>      |   11.691|
floating<7>    |fixed<29>      |   11.256|
floating<7>    |fixed<30>      |   11.591|
floating<7>    |fixed<31>      |   11.874|
floating<8>    |fixed<0>       |    9.038|
floating<8>    |fixed<1>       |    9.528|
floating<8>    |fixed<2>       |    9.326|
floating<8>    |fixed<3>       |    8.853|
floating<8>    |fixed<4>       |    9.269|
floating<8>    |fixed<5>       |    9.144|
floating<8>    |fixed<6>       |    9.454|
floating<8>    |fixed<7>       |    9.374|
floating<8>    |fixed<8>       |    9.105|
floating<8>    |fixed<9>       |    9.652|
floating<8>    |fixed<10>      |    9.937|
floating<8>    |fixed<11>      |    9.851|
floating<8>    |fixed<12>      |    9.836|
floating<8>    |fixed<13>      |    9.858|
floating<8>    |fixed<14>      |    9.925|
floating<8>    |fixed<15>      |    9.986|
floating<8>    |fixed<16>      |   10.032|
floating<8>    |fixed<17>      |   10.066|
floating<8>    |fixed<18>      |   10.144|
floating<8>    |fixed<19>      |    9.885|
floating<8>    |fixed<20>      |   10.728|
floating<8>    |fixed<21>      |   10.176|
floating<8>    |fixed<22>      |   10.336|
floating<8>    |fixed<23>      |   10.459|
floating<8>    |fixed<24>      |   10.561|
floating<8>    |fixed<25>      |   10.540|
floating<8>    |fixed<26>      |   10.574|
floating<8>    |fixed<27>      |   10.527|
floating<8>    |fixed<28>      |   11.206|
floating<8>    |fixed<29>      |   10.771|
floating<8>    |fixed<30>      |   11.106|
floating<8>    |fixed<31>      |   11.389|
floating<9>    |fixed<0>       |    9.532|
floating<9>    |fixed<1>       |   10.022|
floating<9>    |fixed<2>       |    9.889|
floating<9>    |fixed<3>       |    9.653|
floating<9>    |fixed<4>       |   10.065|
floating<9>    |fixed<5>       |    9.974|
floating<9>    |fixed<6>       |   10.284|
floating<9>    |fixed<7>       |   10.204|
floating<9>    |fixed<8>       |    9.935|
floating<9>    |fixed<9>       |   10.482|
floating<9>    |fixed<10>      |   10.767|
floating<9>    |fixed<11>      |   10.681|
floating<9>    |fixed<12>      |   10.666|
floating<9>    |fixed<13>      |   10.688|
floating<9>    |fixed<14>      |   10.755|
floating<9>    |fixed<15>      |   10.816|
floating<9>    |fixed<16>      |   10.862|
floating<9>    |fixed<17>      |   10.896|
floating<9>    |fixed<18>      |   10.974|
floating<9>    |fixed<19>      |   10.715|
floating<9>    |fixed<20>      |   11.558|
floating<9>    |fixed<21>      |   11.006|
floating<9>    |fixed<22>      |   11.166|
floating<9>    |fixed<23>      |   11.289|
floating<9>    |fixed<24>      |   11.391|
floating<9>    |fixed<25>      |   11.370|
floating<9>    |fixed<26>      |   11.404|
floating<9>    |fixed<27>      |   11.357|
floating<9>    |fixed<28>      |   12.036|
floating<9>    |fixed<29>      |   11.601|
floating<9>    |fixed<30>      |   11.936|
floating<9>    |fixed<31>      |   12.219|
floating<10>   |fixed<0>       |    9.263|
floating<10>   |fixed<1>       |    9.753|
floating<10>   |fixed<2>       |    9.620|
floating<10>   |fixed<3>       |    9.384|
floating<10>   |fixed<4>       |    9.796|
floating<10>   |fixed<5>       |    9.705|
floating<10>   |fixed<6>       |   10.015|
floating<10>   |fixed<7>       |    9.935|
floating<10>   |fixed<8>       |    9.666|
floating<10>   |fixed<9>       |   10.213|
floating<10>   |fixed<10>      |   10.498|
floating<10>   |fixed<11>      |   10.412|
floating<10>   |fixed<12>      |   10.397|
floating<10>   |fixed<13>      |   10.419|
floating<10>   |fixed<14>      |   10.486|
floating<10>   |fixed<15>      |   10.547|
floating<10>   |fixed<16>      |   10.593|
floating<10>   |fixed<17>      |   10.627|
floating<10>   |fixed<18>      |   10.705|
floating<10>   |fixed<19>      |   10.446|
floating<10>   |fixed<20>      |   11.289|
floating<10>   |fixed<21>      |   10.737|
floating<10>   |fixed<22>      |   10.897|
floating<10>   |fixed<23>      |   11.020|
floating<10>   |fixed<24>      |   11.122|
floating<10>   |fixed<25>      |   11.101|
floating<10>   |fixed<26>      |   11.135|
floating<10>   |fixed<27>      |   11.088|
floating<10>   |fixed<28>      |   11.767|
floating<10>   |fixed<29>      |   11.332|
floating<10>   |fixed<30>      |   11.667|
floating<10>   |fixed<31>      |   11.950|
floating<11>   |fixed<0>       |    9.726|
floating<11>   |fixed<1>       |   10.216|
floating<11>   |fixed<2>       |   10.083|
floating<11>   |fixed<3>       |    9.847|
floating<11>   |fixed<4>       |   10.259|
floating<11>   |fixed<5>       |   10.168|
floating<11>   |fixed<6>       |   10.478|
floating<11>   |fixed<7>       |   10.398|
floating<11>   |fixed<8>       |   10.129|
floating<11>   |fixed<9>       |   10.676|
floating<11>   |fixed<10>      |   10.961|
floating<11>   |fixed<11>      |   10.875|
floating<11>   |fixed<12>      |   10.860|
floating<11>   |fixed<13>      |   10.882|
floating<11>   |fixed<14>      |   10.949|
floating<11>   |fixed<15>      |   11.010|
floating<11>   |fixed<16>      |   11.056|
floating<11>   |fixed<17>      |   11.090|
floating<11>   |fixed<18>      |   11.168|
floating<11>   |fixed<19>      |   10.909|
floating<11>   |fixed<20>      |   11.752|
floating<11>   |fixed<21>      |   11.200|
floating<11>   |fixed<22>      |   11.360|
floating<11>   |fixed<23>      |   11.483|
floating<11>   |fixed<24>      |   11.585|
floating<11>   |fixed<25>      |   11.564|
floating<11>   |fixed<26>      |   11.598|
floating<11>   |fixed<27>      |   11.551|
floating<11>   |fixed<28>      |   12.230|
floating<11>   |fixed<29>      |   11.795|
floating<11>   |fixed<30>      |   12.130|
floating<11>   |fixed<31>      |   12.413|
floating<12>   |fixed<0>       |    9.747|
floating<12>   |fixed<1>       |   10.237|
floating<12>   |fixed<2>       |   10.035|
floating<12>   |fixed<3>       |    9.562|
floating<12>   |fixed<4>       |    9.978|
floating<12>   |fixed<5>       |    9.853|
floating<12>   |fixed<6>       |   10.163|
floating<12>   |fixed<7>       |   10.083|
floating<12>   |fixed<8>       |    9.814|
floating<12>   |fixed<9>       |   10.361|
floating<12>   |fixed<10>      |   10.646|
floating<12>   |fixed<11>      |   10.560|
floating<12>   |fixed<12>      |   10.545|
floating<12>   |fixed<13>      |   10.567|
floating<12>   |fixed<14>      |   10.634|
floating<12>   |fixed<15>      |   10.695|
floating<12>   |fixed<16>      |   10.741|
floating<12>   |fixed<17>      |   10.775|
floating<12>   |fixed<18>      |   10.853|
floating<12>   |fixed<19>      |   10.594|
floating<12>   |fixed<20>      |   11.437|
floating<12>   |fixed<21>      |   10.885|
floating<12>   |fixed<22>      |   11.045|
floating<12>   |fixed<23>      |   11.168|
floating<12>   |fixed<24>      |   11.270|
floating<12>   |fixed<25>      |   11.249|
floating<12>   |fixed<26>      |   11.283|
floating<12>   |fixed<27>      |   11.236|
floating<12>   |fixed<28>      |   11.915|
floating<12>   |fixed<29>      |   11.480|
floating<12>   |fixed<30>      |   11.815|
floating<12>   |fixed<31>      |   12.098|
floating<13>   |fixed<0>       |    9.378|
floating<13>   |fixed<1>       |    9.868|
floating<13>   |fixed<2>       |    9.666|
floating<13>   |fixed<3>       |    9.193|
floating<13>   |fixed<4>       |    9.609|
floating<13>   |fixed<5>       |    9.484|
floating<13>   |fixed<6>       |    9.794|
floating<13>   |fixed<7>       |    9.714|
floating<13>   |fixed<8>       |    9.445|
floating<13>   |fixed<9>       |    9.992|
floating<13>   |fixed<10>      |   10.277|
floating<13>   |fixed<11>      |   10.191|
floating<13>   |fixed<12>      |   10.176|
floating<13>   |fixed<13>      |   10.198|
floating<13>   |fixed<14>      |   10.265|
floating<13>   |fixed<15>      |   10.326|
floating<13>   |fixed<16>      |   10.372|
floating<13>   |fixed<17>      |   10.406|
floating<13>   |fixed<18>      |   10.484|
floating<13>   |fixed<19>      |   10.225|
floating<13>   |fixed<20>      |   11.068|
floating<13>   |fixed<21>      |   10.516|
floating<13>   |fixed<22>      |   10.676|
floating<13>   |fixed<23>      |   10.799|
floating<13>   |fixed<24>      |   10.901|
floating<13>   |fixed<25>      |   10.880|
floating<13>   |fixed<26>      |   10.914|
floating<13>   |fixed<27>      |   10.867|
floating<13>   |fixed<28>      |   11.546|
floating<13>   |fixed<29>      |   11.111|
floating<13>   |fixed<30>      |   11.446|
floating<13>   |fixed<31>      |   11.729|
floating<14>   |fixed<0>       |    9.567|
floating<14>   |fixed<1>       |   10.057|
floating<14>   |fixed<2>       |    9.855|
floating<14>   |fixed<3>       |    9.382|
floating<14>   |fixed<4>       |    9.798|
floating<14>   |fixed<5>       |    9.673|
floating<14>   |fixed<6>       |    9.983|
floating<14>   |fixed<7>       |    9.903|
floating<14>   |fixed<8>       |    9.634|
floating<14>   |fixed<9>       |   10.181|
floating<14>   |fixed<10>      |   10.466|
floating<14>   |fixed<11>      |   10.380|
floating<14>   |fixed<12>      |   10.365|
floating<14>   |fixed<13>      |   10.387|
floating<14>   |fixed<14>      |   10.454|
floating<14>   |fixed<15>      |   10.515|
floating<14>   |fixed<16>      |   10.561|
floating<14>   |fixed<17>      |   10.595|
floating<14>   |fixed<18>      |   10.673|
floating<14>   |fixed<19>      |   10.414|
floating<14>   |fixed<20>      |   11.257|
floating<14>   |fixed<21>      |   10.705|
floating<14>   |fixed<22>      |   10.865|
floating<14>   |fixed<23>      |   10.988|
floating<14>   |fixed<24>      |   11.090|
floating<14>   |fixed<25>      |   11.069|
floating<14>   |fixed<26>      |   11.103|
floating<14>   |fixed<27>      |   11.056|
floating<14>   |fixed<28>      |   11.735|
floating<14>   |fixed<29>      |   11.300|
floating<14>   |fixed<30>      |   11.635|
floating<14>   |fixed<31>      |   11.918|
floating<15>   |fixed<0>       |   10.275|
floating<15>   |fixed<1>       |   10.765|
floating<15>   |fixed<2>       |   10.563|
floating<15>   |fixed<3>       |   10.090|
floating<15>   |fixed<4>       |   10.506|
floating<15>   |fixed<5>       |   10.381|
floating<15>   |fixed<6>       |   10.691|
floating<15>   |fixed<7>       |   10.611|
floating<15>   |fixed<8>       |   10.342|
floating<15>   |fixed<9>       |   10.889|
floating<15>   |fixed<10>      |   11.174|
floating<15>   |fixed<11>      |   11.088|
floating<15>   |fixed<12>      |   11.073|
floating<15>   |fixed<13>      |   11.095|
floating<15>   |fixed<14>      |   11.162|
floating<15>   |fixed<15>      |   11.223|
floating<15>   |fixed<16>      |   11.269|
floating<15>   |fixed<17>      |   11.303|
floating<15>   |fixed<18>      |   11.381|
floating<15>   |fixed<19>      |   11.122|
floating<15>   |fixed<20>      |   11.965|
floating<15>   |fixed<21>      |   11.413|
floating<15>   |fixed<22>      |   11.573|
floating<15>   |fixed<23>      |   11.696|
floating<15>   |fixed<24>      |   11.798|
floating<15>   |fixed<25>      |   11.777|
floating<15>   |fixed<26>      |   11.811|
floating<15>   |fixed<27>      |   11.764|
floating<15>   |fixed<28>      |   12.443|
floating<15>   |fixed<29>      |   12.008|
floating<15>   |fixed<30>      |   12.343|
floating<15>   |fixed<31>      |   12.626|
floating<16>   |fixed<0>       |    9.212|
floating<16>   |fixed<1>       |    9.702|
floating<16>   |fixed<2>       |    9.500|
floating<16>   |fixed<3>       |    9.027|
floating<16>   |fixed<4>       |    9.443|
floating<16>   |fixed<5>       |    9.318|
floating<16>   |fixed<6>       |    9.628|
floating<16>   |fixed<7>       |    9.548|
floating<16>   |fixed<8>       |    9.279|
floating<16>   |fixed<9>       |    9.826|
floating<16>   |fixed<10>      |   10.111|
floating<16>   |fixed<11>      |   10.025|
floating<16>   |fixed<12>      |   10.010|
floating<16>   |fixed<13>      |   10.032|
floating<16>   |fixed<14>      |   10.099|
floating<16>   |fixed<15>      |   10.160|
floating<16>   |fixed<16>      |   10.206|
floating<16>   |fixed<17>      |   10.240|
floating<16>   |fixed<18>      |   10.318|
floating<16>   |fixed<19>      |   10.059|
floating<16>   |fixed<20>      |   10.902|
floating<16>   |fixed<21>      |   10.350|
floating<16>   |fixed<22>      |   10.510|
floating<16>   |fixed<23>      |   10.633|
floating<16>   |fixed<24>      |   10.735|
floating<16>   |fixed<25>      |   10.714|
floating<16>   |fixed<26>      |   10.748|
floating<16>   |fixed<27>      |   10.701|
floating<16>   |fixed<28>      |   11.380|
floating<16>   |fixed<29>      |   10.945|
floating<16>   |fixed<30>      |   11.280|
floating<16>   |fixed<31>      |   11.563|
floating<17>   |fixed<0>       |    9.080|
floating<17>   |fixed<1>       |    9.570|
floating<17>   |fixed<2>       |    9.368|
floating<17>   |fixed<3>       |    8.895|
floating<17>   |fixed<4>       |    9.311|
floating<17>   |fixed<5>       |    9.186|
floating<17>   |fixed<6>       |    9.496|
floating<17>   |fixed<7>       |    9.416|
floating<17>   |fixed<8>       |    9.147|
floating<17>   |fixed<9>       |    9.694|
floating<17>   |fixed<10>      |    9.979|
floating<17>   |fixed<11>      |    9.893|
floating<17>   |fixed<12>      |    9.878|
floating<17>   |fixed<13>      |    9.900|
floating<17>   |fixed<14>      |    9.967|
floating<17>   |fixed<15>      |   10.028|
floating<17>   |fixed<16>      |   10.074|
floating<17>   |fixed<17>      |   10.108|
floating<17>   |fixed<18>      |   10.186|
floating<17>   |fixed<19>      |    9.927|
floating<17>   |fixed<20>      |   10.770|
floating<17>   |fixed<21>      |   10.218|
floating<17>   |fixed<22>      |   10.378|
floating<17>   |fixed<23>      |   10.501|
floating<17>   |fixed<24>      |   10.603|
floating<17>   |fixed<25>      |   10.582|
floating<17>   |fixed<26>      |   10.616|
floating<17>   |fixed<27>      |   10.569|
floating<17>   |fixed<28>      |   11.248|
floating<17>   |fixed<29>      |   10.813|
floating<17>   |fixed<30>      |   11.148|
floating<17>   |fixed<31>      |   11.431|
floating<18>   |fixed<0>       |    8.988|
floating<18>   |fixed<1>       |    9.478|
floating<18>   |fixed<2>       |    9.276|
floating<18>   |fixed<3>       |    8.803|
floating<18>   |fixed<4>       |    9.219|
floating<18>   |fixed<5>       |    9.094|
floating<18>   |fixed<6>       |    9.404|
floating<18>   |fixed<7>       |    9.324|
floating<18>   |fixed<8>       |    9.055|
floating<18>   |fixed<9>       |    9.602|
floating<18>   |fixed<10>      |    9.887|
floating<18>   |fixed<11>      |    9.801|
floating<18>   |fixed<12>      |    9.786|
floating<18>   |fixed<13>      |    9.808|
floating<18>   |fixed<14>      |    9.875|
floating<18>   |fixed<15>      |    9.936|
floating<18>   |fixed<16>      |    9.982|
floating<18>   |fixed<17>      |   10.016|
floating<18>   |fixed<18>      |   10.094|
floating<18>   |fixed<19>      |    9.835|
floating<18>   |fixed<20>      |   10.678|
floating<18>   |fixed<21>      |   10.126|
floating<18>   |fixed<22>      |   10.286|
floating<18>   |fixed<23>      |   10.409|
floating<18>   |fixed<24>      |   10.511|
floating<18>   |fixed<25>      |   10.490|
floating<18>   |fixed<26>      |   10.524|
floating<18>   |fixed<27>      |   10.477|
floating<18>   |fixed<28>      |   11.156|
floating<18>   |fixed<29>      |   10.721|
floating<18>   |fixed<30>      |   11.056|
floating<18>   |fixed<31>      |   11.339|
floating<19>   |fixed<0>       |    8.515|
floating<19>   |fixed<1>       |    9.005|
floating<19>   |fixed<2>       |    8.803|
floating<19>   |fixed<3>       |    8.330|
floating<19>   |fixed<4>       |    8.746|
floating<19>   |fixed<5>       |    8.621|
floating<19>   |fixed<6>       |    8.931|
floating<19>   |fixed<7>       |    8.851|
floating<19>   |fixed<8>       |    8.582|
floating<19>   |fixed<9>       |    9.129|
floating<19>   |fixed<10>      |    9.414|
floating<19>   |fixed<11>      |    9.328|
floating<19>   |fixed<12>      |    9.313|
floating<19>   |fixed<13>      |    9.335|
floating<19>   |fixed<14>      |    9.402|
floating<19>   |fixed<15>      |    9.463|
floating<19>   |fixed<16>      |    9.509|
floating<19>   |fixed<17>      |    9.543|
floating<19>   |fixed<18>      |    9.621|
floating<19>   |fixed<19>      |    9.362|
floating<19>   |fixed<20>      |   10.205|
floating<19>   |fixed<21>      |    9.653|
floating<19>   |fixed<22>      |    9.813|
floating<19>   |fixed<23>      |    9.936|
floating<19>   |fixed<24>      |   10.038|
floating<19>   |fixed<25>      |   10.017|
floating<19>   |fixed<26>      |   10.051|
floating<19>   |fixed<27>      |   10.004|
floating<19>   |fixed<28>      |   10.683|
floating<19>   |fixed<29>      |   10.248|
floating<19>   |fixed<30>      |   10.583|
floating<19>   |fixed<31>      |   10.866|
floating<20>   |fixed<0>       |    8.855|
floating<20>   |fixed<1>       |    9.377|
floating<20>   |fixed<2>       |    9.175|
floating<20>   |fixed<3>       |    8.702|
floating<20>   |fixed<4>       |    9.118|
floating<20>   |fixed<5>       |    8.993|
floating<20>   |fixed<6>       |    9.303|
floating<20>   |fixed<7>       |    9.223|
floating<20>   |fixed<8>       |    8.954|
floating<20>   |fixed<9>       |    9.501|
floating<20>   |fixed<10>      |    9.786|
floating<20>   |fixed<11>      |    9.700|
floating<20>   |fixed<12>      |    9.685|
floating<20>   |fixed<13>      |    9.707|
floating<20>   |fixed<14>      |    9.774|
floating<20>   |fixed<15>      |    9.835|
floating<20>   |fixed<16>      |    9.881|
floating<20>   |fixed<17>      |    9.915|
floating<20>   |fixed<18>      |    9.993|
floating<20>   |fixed<19>      |    9.734|
floating<20>   |fixed<20>      |   10.577|
floating<20>   |fixed<21>      |   10.025|
floating<20>   |fixed<22>      |   10.185|
floating<20>   |fixed<23>      |   10.308|
floating<20>   |fixed<24>      |   10.410|
floating<20>   |fixed<25>      |   10.389|
floating<20>   |fixed<26>      |   10.423|
floating<20>   |fixed<27>      |   10.376|
floating<20>   |fixed<28>      |   11.055|
floating<20>   |fixed<29>      |   10.620|
floating<20>   |fixed<30>      |   10.955|
floating<20>   |fixed<31>      |   11.238|
floating<21>   |fixed<0>       |    8.886|
floating<21>   |fixed<1>       |    9.408|
floating<21>   |fixed<2>       |    9.206|
floating<21>   |fixed<3>       |    8.733|
floating<21>   |fixed<4>       |    9.149|
floating<21>   |fixed<5>       |    9.024|
floating<21>   |fixed<6>       |    9.334|
floating<21>   |fixed<7>       |    9.254|
floating<21>   |fixed<8>       |    8.985|
floating<21>   |fixed<9>       |    9.532|
floating<21>   |fixed<10>      |    9.817|
floating<21>   |fixed<11>      |    9.731|
floating<21>   |fixed<12>      |    9.716|
floating<21>   |fixed<13>      |    9.738|
floating<21>   |fixed<14>      |    9.805|
floating<21>   |fixed<15>      |    9.866|
floating<21>   |fixed<16>      |    9.912|
floating<21>   |fixed<17>      |    9.946|
floating<21>   |fixed<18>      |   10.024|
floating<21>   |fixed<19>      |    9.765|
floating<21>   |fixed<20>      |   10.608|
floating<21>   |fixed<21>      |   10.056|
floating<21>   |fixed<22>      |   10.216|
floating<21>   |fixed<23>      |   10.339|
floating<21>   |fixed<24>      |   10.441|
floating<21>   |fixed<25>      |   10.420|
floating<21>   |fixed<26>      |   10.454|
floating<21>   |fixed<27>      |   10.407|
floating<21>   |fixed<28>      |   11.086|
floating<21>   |fixed<29>      |   10.651|
floating<21>   |fixed<30>      |   10.986|
floating<21>   |fixed<31>      |   11.269|
floating<22>   |fixed<0>       |    9.260|
floating<22>   |fixed<1>       |    9.782|
floating<22>   |fixed<2>       |    9.580|
floating<22>   |fixed<3>       |    9.107|
floating<22>   |fixed<4>       |    9.523|
floating<22>   |fixed<5>       |    9.398|
floating<22>   |fixed<6>       |    9.708|
floating<22>   |fixed<7>       |    9.628|
floating<22>   |fixed<8>       |    9.359|
floating<22>   |fixed<9>       |    9.906|
floating<22>   |fixed<10>      |   10.191|
floating<22>   |fixed<11>      |   10.105|
floating<22>   |fixed<12>      |   10.090|
floating<22>   |fixed<13>      |   10.112|
floating<22>   |fixed<14>      |   10.179|
floating<22>   |fixed<15>      |   10.240|
floating<22>   |fixed<16>      |   10.286|
floating<22>   |fixed<17>      |   10.320|
floating<22>   |fixed<18>      |   10.398|
floating<22>   |fixed<19>      |   10.139|
floating<22>   |fixed<20>      |   10.982|
floating<22>   |fixed<21>      |   10.430|
floating<22>   |fixed<22>      |   10.590|
floating<22>   |fixed<23>      |   10.713|
floating<22>   |fixed<24>      |   10.815|
floating<22>   |fixed<25>      |   10.794|
floating<22>   |fixed<26>      |   10.828|
floating<22>   |fixed<27>      |   10.781|
floating<22>   |fixed<28>      |   11.460|
floating<22>   |fixed<29>      |   11.025|
floating<22>   |fixed<30>      |   11.360|
floating<22>   |fixed<31>      |   11.643|
floating<23>   |fixed<0>       |   12.026|
floating<23>   |fixed<1>       |   12.516|
floating<23>   |fixed<2>       |   12.314|
floating<23>   |fixed<3>       |   11.841|
floating<23>   |fixed<4>       |   12.257|
floating<23>   |fixed<5>       |   12.132|
floating<23>   |fixed<6>       |   12.442|
floating<23>   |fixed<7>       |   12.362|
floating<23>   |fixed<8>       |   12.093|
floating<23>   |fixed<9>       |   12.640|
floating<23>   |fixed<10>      |   12.925|
floating<23>   |fixed<11>      |   12.839|
floating<23>   |fixed<12>      |   12.824|
floating<23>   |fixed<13>      |   12.846|
floating<23>   |fixed<14>      |   12.913|
floating<23>   |fixed<15>      |   12.974|
floating<23>   |fixed<16>      |   13.020|
floating<23>   |fixed<17>      |   13.054|
floating<23>   |fixed<18>      |   13.132|
floating<23>   |fixed<19>      |   12.873|
floating<23>   |fixed<20>      |   13.716|
floating<23>   |fixed<21>      |   13.164|
floating<23>   |fixed<22>      |   13.324|
floating<23>   |fixed<23>      |   13.447|
floating<23>   |fixed<24>      |   13.549|
floating<23>   |fixed<25>      |   13.528|
floating<23>   |fixed<26>      |   13.562|
floating<23>   |fixed<27>      |   13.515|
floating<23>   |fixed<28>      |   14.194|
floating<23>   |fixed<29>      |   13.759|
floating<23>   |fixed<30>      |   14.094|
floating<23>   |fixed<31>      |   14.377|
floating<24>   |fixed<0>       |   12.434|
floating<24>   |fixed<1>       |   12.924|
floating<24>   |fixed<2>       |   12.722|
floating<24>   |fixed<3>       |   12.249|
floating<24>   |fixed<4>       |   12.665|
floating<24>   |fixed<5>       |   12.540|
floating<24>   |fixed<6>       |   12.850|
floating<24>   |fixed<7>       |   12.770|
floating<24>   |fixed<8>       |   12.501|
floating<24>   |fixed<9>       |   13.048|
floating<24>   |fixed<10>      |   13.333|
floating<24>   |fixed<11>      |   13.247|
floating<24>   |fixed<12>      |   13.232|
floating<24>   |fixed<13>      |   13.254|
floating<24>   |fixed<14>      |   13.321|
floating<24>   |fixed<15>      |   13.382|
floating<24>   |fixed<16>      |   13.428|
floating<24>   |fixed<17>      |   13.462|
floating<24>   |fixed<18>      |   13.540|
floating<24>   |fixed<19>      |   13.281|
floating<24>   |fixed<20>      |   14.124|
floating<24>   |fixed<21>      |   13.572|
floating<24>   |fixed<22>      |   13.732|
floating<24>   |fixed<23>      |   13.855|
floating<24>   |fixed<24>      |   13.957|
floating<24>   |fixed<25>      |   13.936|
floating<24>   |fixed<26>      |   13.970|
floating<24>   |fixed<27>      |   13.923|
floating<24>   |fixed<28>      |   14.602|
floating<24>   |fixed<29>      |   14.167|
floating<24>   |fixed<30>      |   14.502|
floating<24>   |fixed<31>      |   14.785|
floating<25>   |fixed<0>       |   12.259|
floating<25>   |fixed<1>       |   12.749|
floating<25>   |fixed<2>       |   12.547|
floating<25>   |fixed<3>       |   12.074|
floating<25>   |fixed<4>       |   12.490|
floating<25>   |fixed<5>       |   12.365|
floating<25>   |fixed<6>       |   12.675|
floating<25>   |fixed<7>       |   12.595|
floating<25>   |fixed<8>       |   12.326|
floating<25>   |fixed<9>       |   12.873|
floating<25>   |fixed<10>      |   13.158|
floating<25>   |fixed<11>      |   13.072|
floating<25>   |fixed<12>      |   13.057|
floating<25>   |fixed<13>      |   13.079|
floating<25>   |fixed<14>      |   13.146|
floating<25>   |fixed<15>      |   13.207|
floating<25>   |fixed<16>      |   13.253|
floating<25>   |fixed<17>      |   13.287|
floating<25>   |fixed<18>      |   13.365|
floating<25>   |fixed<19>      |   13.106|
floating<25>   |fixed<20>      |   13.949|
floating<25>   |fixed<21>      |   13.397|
floating<25>   |fixed<22>      |   13.557|
floating<25>   |fixed<23>      |   13.680|
floating<25>   |fixed<24>      |   13.782|
floating<25>   |fixed<25>      |   13.761|
floating<25>   |fixed<26>      |   13.795|
floating<25>   |fixed<27>      |   13.748|
floating<25>   |fixed<28>      |   14.427|
floating<25>   |fixed<29>      |   13.992|
floating<25>   |fixed<30>      |   14.327|
floating<25>   |fixed<31>      |   14.610|
floating<26>   |fixed<0>       |   12.240|
floating<26>   |fixed<1>       |   12.730|
floating<26>   |fixed<2>       |   12.528|
floating<26>   |fixed<3>       |   12.055|
floating<26>   |fixed<4>       |   12.471|
floating<26>   |fixed<5>       |   12.346|
floating<26>   |fixed<6>       |   12.656|
floating<26>   |fixed<7>       |   12.576|
floating<26>   |fixed<8>       |   12.307|
floating<26>   |fixed<9>       |   12.854|
floating<26>   |fixed<10>      |   13.139|
floating<26>   |fixed<11>      |   13.053|
floating<26>   |fixed<12>      |   13.038|
floating<26>   |fixed<13>      |   13.060|
floating<26>   |fixed<14>      |   13.127|
floating<26>   |fixed<15>      |   13.188|
floating<26>   |fixed<16>      |   13.234|
floating<26>   |fixed<17>      |   13.268|
floating<26>   |fixed<18>      |   13.346|
floating<26>   |fixed<19>      |   13.087|
floating<26>   |fixed<20>      |   13.930|
floating<26>   |fixed<21>      |   13.378|
floating<26>   |fixed<22>      |   13.538|
floating<26>   |fixed<23>      |   13.661|
floating<26>   |fixed<24>      |   13.763|
floating<26>   |fixed<25>      |   13.742|
floating<26>   |fixed<26>      |   13.776|
floating<26>   |fixed<27>      |   13.729|
floating<26>   |fixed<28>      |   14.408|
floating<26>   |fixed<29>      |   13.973|
floating<26>   |fixed<30>      |   14.308|
floating<26>   |fixed<31>      |   14.591|
floating<27>   |fixed<0>       |   12.059|
floating<27>   |fixed<1>       |   12.549|
floating<27>   |fixed<2>       |   12.347|
floating<27>   |fixed<3>       |   11.874|
floating<27>   |fixed<4>       |   12.290|
floating<27>   |fixed<5>       |   12.165|
floating<27>   |fixed<6>       |   12.475|
floating<27>   |fixed<7>       |   12.395|
floating<27>   |fixed<8>       |   12.126|
floating<27>   |fixed<9>       |   12.673|
floating<27>   |fixed<10>      |   12.958|
floating<27>   |fixed<11>      |   12.872|
floating<27>   |fixed<12>      |   12.857|
floating<27>   |fixed<13>      |   12.879|
floating<27>   |fixed<14>      |   12.946|
floating<27>   |fixed<15>      |   13.007|
floating<27>   |fixed<16>      |   13.053|
floating<27>   |fixed<17>      |   13.087|
floating<27>   |fixed<18>      |   13.165|
floating<27>   |fixed<19>      |   12.906|
floating<27>   |fixed<20>      |   13.749|
floating<27>   |fixed<21>      |   13.197|
floating<27>   |fixed<22>      |   13.357|
floating<27>   |fixed<23>      |   13.480|
floating<27>   |fixed<24>      |   13.582|
floating<27>   |fixed<25>      |   13.561|
floating<27>   |fixed<26>      |   13.595|
floating<27>   |fixed<27>      |   13.548|
floating<27>   |fixed<28>      |   14.227|
floating<27>   |fixed<29>      |   13.792|
floating<27>   |fixed<30>      |   14.127|
floating<27>   |fixed<31>      |   14.410|
floating<28>   |fixed<0>       |   11.948|
floating<28>   |fixed<1>       |   12.438|
floating<28>   |fixed<2>       |   12.236|
floating<28>   |fixed<3>       |   11.763|
floating<28>   |fixed<4>       |   12.179|
floating<28>   |fixed<5>       |   12.054|
floating<28>   |fixed<6>       |   12.364|
floating<28>   |fixed<7>       |   12.284|
floating<28>   |fixed<8>       |   12.015|
floating<28>   |fixed<9>       |   12.562|
floating<28>   |fixed<10>      |   12.847|
floating<28>   |fixed<11>      |   12.761|
floating<28>   |fixed<12>      |   12.746|
floating<28>   |fixed<13>      |   12.768|
floating<28>   |fixed<14>      |   12.835|
floating<28>   |fixed<15>      |   12.896|
floating<28>   |fixed<16>      |   12.942|
floating<28>   |fixed<17>      |   12.976|
floating<28>   |fixed<18>      |   13.054|
floating<28>   |fixed<19>      |   12.795|
floating<28>   |fixed<20>      |   13.638|
floating<28>   |fixed<21>      |   13.086|
floating<28>   |fixed<22>      |   13.246|
floating<28>   |fixed<23>      |   13.369|
floating<28>   |fixed<24>      |   13.471|
floating<28>   |fixed<25>      |   13.450|
floating<28>   |fixed<26>      |   13.484|
floating<28>   |fixed<27>      |   13.437|
floating<28>   |fixed<28>      |   14.116|
floating<28>   |fixed<29>      |   13.681|
floating<28>   |fixed<30>      |   14.016|
floating<28>   |fixed<31>      |   14.299|
floating<29>   |fixed<0>       |   11.762|
floating<29>   |fixed<1>       |   12.252|
floating<29>   |fixed<2>       |   12.050|
floating<29>   |fixed<3>       |   11.577|
floating<29>   |fixed<4>       |   11.993|
floating<29>   |fixed<5>       |   11.868|
floating<29>   |fixed<6>       |   12.178|
floating<29>   |fixed<7>       |   12.098|
floating<29>   |fixed<8>       |   11.829|
floating<29>   |fixed<9>       |   12.376|
floating<29>   |fixed<10>      |   12.661|
floating<29>   |fixed<11>      |   12.575|
floating<29>   |fixed<12>      |   12.560|
floating<29>   |fixed<13>      |   12.582|
floating<29>   |fixed<14>      |   12.649|
floating<29>   |fixed<15>      |   12.710|
floating<29>   |fixed<16>      |   12.756|
floating<29>   |fixed<17>      |   12.790|
floating<29>   |fixed<18>      |   12.868|
floating<29>   |fixed<19>      |   12.609|
floating<29>   |fixed<20>      |   13.452|
floating<29>   |fixed<21>      |   12.900|
floating<29>   |fixed<22>      |   13.060|
floating<29>   |fixed<23>      |   13.183|
floating<29>   |fixed<24>      |   13.285|
floating<29>   |fixed<25>      |   13.264|
floating<29>   |fixed<26>      |   13.298|
floating<29>   |fixed<27>      |   13.251|
floating<29>   |fixed<28>      |   13.930|
floating<29>   |fixed<29>      |   13.495|
floating<29>   |fixed<30>      |   13.830|
floating<29>   |fixed<31>      |   14.113|
floating<30>   |fixed<0>       |   13.900|
floating<30>   |fixed<1>       |   14.390|
floating<30>   |fixed<2>       |   14.188|
floating<30>   |fixed<3>       |   13.715|
floating<30>   |fixed<4>       |   14.131|
floating<30>   |fixed<5>       |   14.006|
floating<30>   |fixed<6>       |   14.316|
floating<30>   |fixed<7>       |   14.236|
floating<30>   |fixed<8>       |   13.967|
floating<30>   |fixed<9>       |   14.514|
floating<30>   |fixed<10>      |   14.799|
floating<30>   |fixed<11>      |   14.713|
floating<30>   |fixed<12>      |   14.698|
floating<30>   |fixed<13>      |   14.720|
floating<30>   |fixed<14>      |   14.787|
floating<30>   |fixed<15>      |   14.848|
floating<30>   |fixed<16>      |   14.894|
floating<30>   |fixed<17>      |   14.928|
floating<30>   |fixed<18>      |   15.006|
floating<30>   |fixed<19>      |   14.747|
floating<30>   |fixed<20>      |   15.590|
floating<30>   |fixed<21>      |   15.038|
floating<30>   |fixed<22>      |   15.198|
floating<30>   |fixed<23>      |   15.321|
floating<30>   |fixed<24>      |   15.423|
floating<30>   |fixed<25>      |   15.402|
floating<30>   |fixed<26>      |   15.436|
floating<30>   |fixed<27>      |   15.389|
floating<30>   |fixed<28>      |   16.068|
floating<30>   |fixed<29>      |   15.633|
floating<30>   |fixed<30>      |   15.968|
floating<30>   |fixed<31>      |   16.251|
floating<31>   |fixed<0>       |    6.006|
floating<31>   |fixed<1>       |    6.461|
floating<31>   |fixed<2>       |    6.743|
floating<31>   |fixed<3>       |    6.282|
floating<31>   |fixed<4>       |    5.880|
floating<31>   |fixed<5>       |    5.860|
floating<31>   |fixed<6>       |    5.765|
floating<31>   |fixed<7>       |    6.033|
floating<31>   |fixed<8>       |    5.677|
floating<31>   |fixed<9>       |    6.179|
floating<31>   |fixed<10>      |    6.685|
floating<31>   |fixed<11>      |    6.792|
floating<31>   |fixed<12>      |    6.248|
floating<31>   |fixed<13>      |    7.157|
floating<31>   |fixed<14>      |    6.006|
floating<31>   |fixed<15>      |    7.066|
floating<31>   |fixed<16>      |    6.141|
floating<31>   |fixed<17>      |    7.146|
floating<31>   |fixed<18>      |    6.808|
floating<31>   |fixed<19>      |    6.895|
floating<31>   |fixed<20>      |    6.086|
floating<31>   |fixed<21>      |    5.937|
floating<31>   |fixed<22>      |    7.214|
floating<31>   |fixed<23>      |    6.098|
floating<31>   |fixed<24>      |    6.719|
floating<31>   |fixed<25>      |    7.151|
floating<31>   |fixed<26>      |    7.651|
floating<31>   |fixed<27>      |    7.255|
floating<31>   |fixed<28>      |    6.415|
floating<31>   |fixed<29>      |    6.553|
floating<31>   |fixed<30>      |    7.661|
floating<31>   |fixed<31>      |    6.399|
---------------+---------------+---------+


Analysis completed Fri Apr 27 17:46:27 2012 
--------------------------------------------------------------------------------

Trace Settings:
-------------------------
Trace Settings 

Peak Memory Usage: 456 MB



